The ``1-my_list`` module
======================

>>> MyList = __import__('1-my_list').MyList

>>> my_list = MyList()
>>> type(my_list) == MyList
True

>>> my_list = MyList()
>>> isinstance(my_list, list)
True

>>> my_list = MyList()
>>> my_list.print_sorted()
[]

>>> my_list.print_sorted([3, 5, 1], 6)
Traceback (most recent call last):
    ...
TypeError: MyList.print_sorted() takes 1 positional argument but 3 were given
